2025-10-29 02:56:48,524 - src - INFO - fraud_detection_package_initialized
2025-10-29 02:56:52,383 - src.data.data_loader - INFO - load_data_started
2025-10-29 02:56:52,384 - src.data.data_loader - INFO - File found. Attempting to load into pandas DataFrame.
2025-10-29 02:56:52,391 - src.data.data_loader - INFO - data_info
2025-10-29 02:56:52,391 - src.data.data_loader - INFO - load_data_completed
2025-10-29 02:56:52,394 - src.data.data_loader - INFO - load_data_started
2025-10-29 02:56:52,394 - src.data.data_loader - ERROR - load_data_failed
2025-10-29 02:56:52,398 - src.data.data_loader - INFO - load_data_started
2025-10-29 02:56:52,398 - src.data.data_loader - INFO - File found. Attempting to load into pandas DataFrame.
2025-10-29 02:56:52,399 - src.data.data_loader - ERROR - load_data_failed
2025-10-29 02:56:52,402 - src.data.data_processing - INFO - Data standardization started...
2025-10-29 02:56:52,405 - src.data.data_processing - INFO - Data standardization completed.
2025-10-29 02:56:52,408 - src.data.data_processing - INFO - Filtering transaction types...
2025-10-29 02:56:52,410 - src.data.data_processing - INFO - Data filtered to include only: ['CASH_OUT', 'TRANSFER']
2025-10-29 02:56:52,412 - src.data.data_processing - INFO - Encoding transaction type...
2025-10-29 02:56:52,413 - src.data.data_processing - INFO - Transaction type encoded successfully.
2025-10-29 02:56:52,627 - src.data.data_validator - INFO - data_validation_started
2025-10-29 02:56:52,688 - src.data.data_validator - INFO - Pandera validation completed successfully.
2025-10-29 02:56:52,688 - src.data.data_validator - INFO - data_validation_completed
2025-10-29 02:56:52,692 - src.data.data_validator - INFO - data_validation_started
2025-10-29 02:56:52,707 - src.data.data_validator - ERROR - Pandera validation failed.
2025-10-29 02:56:52,707 - src.data.data_validator - ERROR - data_validation_failed
2025-10-29 02:56:52,711 - src.data.data_validator - INFO - data_validation_started
2025-10-29 02:56:52,729 - src.data.data_validator - INFO - Pandera validation completed successfully.
2025-10-29 02:56:52,730 - src.data.data_validator - INFO - data_validation_completed
2025-10-29 02:56:52,733 - src.data.data_validator - INFO - data_validation_started
2025-10-29 02:56:52,757 - src.data.data_validator - ERROR - Pandera validation failed.
2025-10-29 02:56:52,759 - src.data.data_validator - ERROR - data_validation_failed
2025-10-29 02:56:52,764 - src.data.data_validator - INFO - data_validation_started
2025-10-29 02:56:52,786 - src.data.data_validator - ERROR - Pandera validation failed.
2025-10-29 02:56:52,787 - src.data.data_validator - ERROR - data_validation_failed
2025-10-29 02:56:52,791 - src.data.data_validator - INFO - data_validation_started
2025-10-29 02:56:52,799 - src.data.data_validator - ERROR - Pandera validation failed.
2025-10-29 02:56:52,801 - src.data.data_validator - ERROR - data_validation_failed
2025-10-29 02:56:52,805 - src.data.data_validator - INFO - data_validation_started
2025-10-29 02:56:52,806 - src.data.data_validator - ERROR - Pandera validation failed.
2025-10-29 02:56:52,807 - src.data.data_validator - ERROR - data_validation_failed
2025-10-29 02:56:52,809 - src.utils.mlflow_analytics - INFO - mlflow_analytics_initialized
2025-10-29 02:56:52,814 - src.utils.mlflow_analytics - INFO - mlflow_analytics_initialized
2025-10-29 02:56:52,815 - src.utils.mlflow_analytics - INFO - get_model_comparison_started
2025-10-29 02:56:52,815 - src.utils.mlflow_analytics - INFO - model_comparison_retrieved
2025-10-29 02:56:52,816 - src.utils.mlflow_analytics - INFO - get_model_comparison_completed
2025-10-29 02:56:52,819 - src.utils.mlflow_analytics - INFO - mlflow_analytics_initialized
2025-10-29 02:56:52,819 - src.utils.mlflow_analytics - INFO - get_experiment_timeline_started
2025-10-29 02:56:52,819 - src.utils.mlflow_analytics - INFO - experiment_timeline_retrieved
2025-10-29 02:56:52,820 - src.utils.mlflow_analytics - INFO - get_experiment_timeline_completed
2025-10-29 02:56:52,823 - src.utils.mlflow_analytics - INFO - mlflow_analytics_initialized
2025-10-29 02:56:52,823 - src.utils.mlflow_analytics - INFO - find_best_hyperparameters_started
2025-10-29 02:56:52,824 - src.utils.mlflow_analytics - INFO - best_hyperparameters_found
2025-10-29 02:56:52,824 - src.utils.mlflow_analytics - INFO - find_best_hyperparameters_completed
2025-10-29 02:56:52,827 - src.utils.mlflow_duckdb_setup - INFO - initializing_mlflow_manager
2025-10-29 02:56:52,832 - src.utils.mlflow_duckdb_setup - INFO - initializing_mlflow_manager
2025-10-29 02:56:52,832 - src.utils.mlflow_duckdb_setup - INFO - setup_mlflow_backend_started
2025-10-29 02:56:52,833 - src.utils.mlflow_duckdb_setup - INFO - mlflow_experiment_found
2025-10-29 02:56:52,834 - src.utils.mlflow_duckdb_setup - INFO - setup_mlflow_backend_completed
2025-10-29 02:56:52,838 - src.utils.mlflow_duckdb_setup - INFO - initializing_mlflow_manager
2025-10-29 02:56:52,839 - src.utils.mlflow_duckdb_setup - INFO - setup_mlflow_backend_started
2025-10-29 02:56:52,840 - src.utils.mlflow_duckdb_setup - INFO - mlflow_experiment_not_found
2025-10-29 02:56:52,840 - src.utils.mlflow_duckdb_setup - INFO - mlflow_experiment_created
2025-10-29 02:56:52,841 - src.utils.mlflow_duckdb_setup - INFO - setup_mlflow_backend_completed
2025-10-29 02:56:52,845 - src.utils.mlflow_duckdb_setup - INFO - initializing_mlflow_manager
2025-10-29 02:56:52,846 - src.utils.mlflow_duckdb_setup - DEBUG - connecting_to_duckdb
2025-10-29 02:56:52,846 - src.utils.mlflow_duckdb_setup - DEBUG - connecting_to_duckdb
2025-10-29 02:56:52,850 - src.utils.mlflow_duckdb_setup - INFO - initializing_mlflow_manager
2025-10-29 02:56:52,852 - src.utils.mlflow_duckdb_setup - INFO - query_duckdb_started
2025-10-29 02:56:52,853 - src.utils.mlflow_duckdb_setup - DEBUG - connecting_to_duckdb
2025-10-29 02:56:52,853 - src.utils.mlflow_duckdb_setup - INFO - query_successful
2025-10-29 02:56:52,854 - src.utils.mlflow_duckdb_setup - INFO - query_duckdb_completed
2025-10-29 02:56:52,858 - src.utils.mlflow_duckdb_setup - INFO - initializing_mlflow_manager
2025-10-29 02:56:52,859 - src.utils.mlflow_duckdb_setup - DEBUG - connecting_to_duckdb
2025-10-29 02:56:53,280 - src.data.data_processing - INFO - Converting integer columns to float...
2025-10-29 02:56:53,282 - src.data.data_processing - INFO - Integer columns converted to float successfully.
2025-10-29 02:56:53,348 - src.data.data_processing - INFO - Converting integer columns to float...
2025-10-29 02:56:53,350 - src.data.data_processing - INFO - Integer columns converted to float successfully.
2025-10-29 02:56:53,367 - src.data.data_processing - INFO - Converting integer columns to float...
2025-10-29 02:56:53,368 - src.data.data_processing - INFO - Integer columns converted to float successfully.
